09:38:59 **** Incremental Build of configuration Debug for project STM_DS_17 ****
make -j12 all 
arm-none-eabi-gcc "../Core/Src/main.c" -mcpu=cortex-m4 -std=gnu11 -g3 -DDEBUG -DUSE_HAL_DRIVER -DSTM32L476xx -c -I../Core/Inc -I../Drivers/STM32L4xx_HAL_Driver/Inc -I../Drivers/STM32L4xx_HAL_Driver/Inc/Legacy -I../Drivers/CMSIS/Device/ST/STM32L4xx/Include -I../Drivers/CMSIS/Include -O0 -ffunction-sections -fdata-sections -Wall -fstack-usage -fcyclomatic-complexity -MMD -MP -MF"Core/Src/main.d" -MT"Core/Src/main.o" --specs=nano.specs -mfpu=fpv4-sp-d16 -mfloat-abi=hard -mthumb -o "Core/Src/main.o"
../Core/Src/main.c: In function 'main':
../Core/Src/main.c:201:11: warning: unused variable 'crc' [-Wunused-variable]
  201 |   uint8_t crc = wire_crc(rom_code, 7);
      |           ^~~
../Core/Src/main.c:192:21: warning: unused variable 'rc' [-Wunused-variable]
  192 |   HAL_StatusTypeDef rc = wire_reset();
      |                     ^~
arm-none-eabi-gcc -o "STM_DS_17.elf" @"objects.list"   -mcpu=cortex-m4 -T"C:\Users\doria\STM32CubeIDE\workspace_1.16.1\STM_DS_17\STM32L476RGTX_FLASH.ld" --specs=nosys.specs -Wl,-Map="STM_DS_17.map" -Wl,--gc-sections -static --specs=nano.specs -mfpu=fpv4-sp-d16 -mfloat-abi=hard -mthumb -Wl,--start-group -lc -lm -Wl,--end-group
Finished building target: STM_DS_17.elf
 
arm-none-eabi-size  STM_DS_17.elf 
arm-none-eabi-objdump -h -S STM_DS_17.elf  > "STM_DS_17.list"
   text	   data	    bss	    dec	    hex	filename
  14072	     12	   1780	  15864	   3df8	STM_DS_17.elf
Finished building: default.size.stdout
 
Finished building: STM_DS_17.list
 

09:39:00 Build Finished. 0 errors, 2 warnings. (took 873ms)

